// Vitest Snapshot v1, https://vitest.dev/guide/snapshot.html

exports[`SwapDetails.tsx > renders a preview trade while disabling submission 1`] = `
<DocumentFragment>
  .c0 {
  display: -webkit-box;
  display: -webkit-flex;
  display: -ms-flexbox;
  display: flex;
  -webkit-flex-direction: column;
  -ms-flex-direction: column;
  flex-direction: column;
  -webkit-box-pack: start;
  -webkit-justify-content: flex-start;
  -ms-flex-pack: start;
  justify-content: flex-start;
  gap: 8px;
}

.c2 {
  box-sizing: border-box;
  margin: 0;
  min-width: 0;
}

.c3 {
  width: 100%;
  display: -webkit-box;
  display: -webkit-flex;
  display: -ms-flexbox;
  display: flex;
  padding: 0;
  -webkit-align-items: center;
  -webkit-box-align: center;
  -ms-flex-align: center;
  align-items: center;
  -webkit-box-pack: start;
  -webkit-justify-content: flex-start;
  -ms-flex-pack: start;
  justify-content: flex-start;
}

.c4 {
  -webkit-flex-wrap: wrap;
  -ms-flex-wrap: wrap;
  flex-wrap: wrap;
}

.c4 > * {
  margin: !important;
}

.c1 {
  padding: 0px 12px 8px;
}

<span
    class=""
    style="display: contents;"
  >
    <div
      class="c0 c1"
    />
    <div
      class="c2 c3 c4"
    >
      <button
        aria-disabled="true"
        class="is_Button _containerType-_platformweb_normal _outlineWidth-0focus-visible-1px _outlineOffset-0focus-visible-2px _outlineStyle-0focus-visible-solid _transform-0focus-visible-scaleX0--98sc575196563 _pointerEvents-_platformweb_none _display-flex _flexBasis-0px _boxSizing-border-box _position-relative _minHeight-0px _minWidth-0px _flexShrink-1 _flexDirection-row _borderTopWidth-1px _borderRightWidth-1px _borderBottomWidth-1px _borderLeftWidth-1px _alignItems-center _justifyContent-center _backgroundColor-surface2 _borderTopColor-borderColor _borderRightColor-borderColor _borderBottomColor-borderColor _borderLeftColor-borderColor _cursor-default _height-auto _alignSelf-stretch _flexGrow-1 _pr-t-space-spa1360334076 _pl-t-space-spa1360334076 _pt-t-space-spa1360334080 _pb-t-space-spa1360334080 _borderTopLeftRadius-t-radius-ro291586449 _borderTopRightRadius-t-radius-ro291586449 _borderBottomRightRadius-t-radius-ro291586449 _borderBottomLeftRadius-t-radius-ro291586449 _gap-t-space-spa94665593 _pointerEvents-box-none _userSelect-none _borderBottomStyle-solid _borderTopStyle-solid _borderLeftStyle-solid _borderRightStyle-solid t_group_item"
        data-testid="confirm-swap-button"
        dd-action-name="Finalizing quote..."
        id="confirm-swap-or-send"
        tabindex="-1"
      >
        <style>
          
  @keyframes rotate360 {
      from {
          transform: rotate(0deg);
      }
      to {
          transform: rotate(360deg);
      }
  }

  .RotateElement {
      animation: rotate360 1s cubic-bezier(0.83, 0, 0.17, 1) infinite;
      transform-origin: center center;
  }

        </style>
        <div
          class="_display-flex _alignItems-stretch _flexBasis-auto _boxSizing-border-box _position-relative _minHeight-0px _minWidth-0px _flexShrink-0 _flexDirection-column RotateElement"
        >
          <svg
            fill="none"
            stroke-width="8"
            style="width: 20.7px; height: 20.7px;"
            viewBox="0 0 24 24"
          >
            <path
              d="M12 3C16.9706 3 21 7.02944 21 12C21 16.9706 16.9706 21 12 21C7.02944 21 3 16.9706 3 12C3 7.02944 7.02944 3 12 3Z"
              opacity="0.1"
              stroke="currentColor"
              stroke-linecap="round"
              stroke-width="3"
            />
            <path
              d="M21 12C21 7.02944 16.9706 3 12 3"
              stroke="currentColor"
              stroke-linecap="round"
              stroke-width="3"
            />
          </svg>
        </div>
        <span
          class="font_button _display-inline _boxSizing-border-box _wordWrap-break-word _whiteSpace-nowrap _mt-0px _mr-0px _mb-0px _ml-0px _color-neutral2 _fontFamily-f-family _maxWidth-10037 _overflowX-hidden _overflowY-hidden _textOverflow-ellipsis _textAlign-center _fontSize-f-size-medi3736 _fontWeight-f-weight-me3083741 _lineHeight-f-lineHeigh1262266530"
          line-height-disabled="false"
        >
          Finalizing quote...
        </span>
      </button>
    </div>
    <div
      style="display: contents;"
    />
  </span>
</DocumentFragment>
`;

exports[`SwapDetails.tsx > renders slippage tooltip 1`] = `
<DocumentFragment>
  .c0 {
  -webkit-text-decoration: none;
  text-decoration: none;
  cursor: pointer;
  -webkit-transition-duration: 125ms;
  transition-duration: 125ms;
  color: #FF37C7;
  stroke: #FF37C7;
  font-weight: 500;
}

.c0:hover {
  opacity: 0.6;
}

.c0:active {
  opacity: 0.4;
}

<span
    class=""
    style="display: contents;"
  >
    The maximum price movement before your transaction will revert.
    <br />
    <a
      class="c0"
      href="https://support.uniswap.org/hc/en-us/articles/20131678274957"
      rel="noopener noreferrer"
      target="_blank"
    >
      Learn more
    </a>
    <div
      style="display: contents;"
    />
  </span>
</DocumentFragment>
`;
