// Vitest Snapshot v1, https://vitest.dev/guide/snapshot.html

exports[`UnsupportedCurrencyFooter.tsx with unsupported tokens > renders 1`] = `
<DocumentFragment>
  .c0 {
  padding-top: calc(16px + 2rem);
  padding-bottom: 20px;
  margin-left: auto;
  margin-right: auto;
  margin-top: -2rem;
  width: 100%;
  max-width: 400px;
  border-bottom-left-radius: 20px;
  border-bottom-right-radius: 20px;
  color: rgba(19,19,19,0.63);
  background-color: #F9F9F9;
  z-index: 0;
  -webkit-transform: translateY(0%);
  -ms-transform: translateY(0%);
  transform: translateY(0%);
  -webkit-transition: -webkit-transform 300ms ease-in-out;
  -webkit-transition: transform 300ms ease-in-out;
  transition: transform 300ms ease-in-out;
  text-align: center;
}

<span
    class=""
    style="display: contents;"
  >
    <div
      class="c0"
    >
      <span
        class="font_unset _display-inline _boxSizing-border-box _wordWrap-break-word _whiteSpace-pre-wrap _position-absolute _width-1px _height-1px _mt--1px _mr--1px _mb--1px _ml--1px _zIndex--10000 _overflowX-hidden _overflowY-hidden _opacity-1e-8 _pointerEvents-none"
      >
        <h2
          class="is_DialogTitle font_heading _display-inline _boxSizing-border-box _wordWrap-break-word _userSelect-auto _color-color _whiteSpace-normal _fontFamily-f-family _mt-0px _mr-0px _mb-0px _ml-0px"
          data-disable-theme="true"
          id="title-:r2:"
          role="heading"
        />
      </span>
      <div
        class="_display-flex _alignItems-center _flexBasis-auto _boxSizing-border-box _position-relative _minHeight-0px _minWidth-0px _flexShrink-0 _flexDirection-column _justifyContent-center"
      >
        <button
          class="is_Button _containerType-_platformweb_normal _outlineWidth-0focus-visible-1px _outlineOffset-0focus-visible-2px _outlineStyle-0focus-visible-solid _transform-0focus-visible-scaleX0--98sc575196563 _backgroundColor-0hover-surface3Hov3121676 _backgroundColor-0focus-visible-surface3Hov3121676 _outlineColor-0focus-visible-neutral3Hov3121676 _transform-0active-scale0--981281 _backgroundColor-0active-surface3Hov3121676 _display-flex _flexBasis-0px _boxSizing-border-box _position-relative _minHeight-0px _minWidth-0px _flexShrink-1 _flexDirection-row _borderTopWidth-1px _borderRightWidth-1px _borderBottomWidth-1px _borderLeftWidth-1px _alignItems-center _justifyContent-center _backgroundColor-surface3 _borderTopColor-borderColor _borderRightColor-borderColor _borderBottomColor-borderColor _borderLeftColor-borderColor _cursor-pointer _height-auto _alignSelf-stretch _flexGrow-1 _pr-t-space-spa1360334076 _pl-t-space-spa1360334076 _pt-t-space-spa1360334080 _pb-t-space-spa1360334080 _borderTopLeftRadius-t-radius-ro291586449 _borderTopRightRadius-t-radius-ro291586449 _borderBottomRightRadius-t-radius-ro291586449 _borderBottomLeftRadius-t-radius-ro291586449 _gap-t-space-spa94665593 _borderBottomStyle-solid _borderTopStyle-solid _borderLeftStyle-solid _borderRightStyle-solid t_group_item"
          data-testid="read-more-button"
          dd-action-name="Read more about unsupported assets"
        >
          <span
            class="font_button _color-_groupitem-hover_neutral1Hov3121676 _display-inline _boxSizing-border-box _wordWrap-break-word _whiteSpace-nowrap _mt-0px _mr-0px _mb-0px _ml-0px _color-neutral1 _fontFamily-f-family _maxWidth-10037 _overflowX-hidden _overflowY-hidden _textOverflow-ellipsis _textAlign-center _fontSize-f-size-medi3736 _fontWeight-f-weight-me3083741 _lineHeight-f-lineHeigh1262266530"
            line-height-disabled="false"
          >
            Read more about unsupported assets
          </span>
        </button>
      </div>
    </div>
    <div
      style="display: contents;"
    />
  </span>
</DocumentFragment>
`;
