// Vitest Snapshot v1, https://vitest.dev/guide/snapshot.html

exports[`CancelOrdersDialog > should render limit order text 1`] = `
.c0 {
  color: #131313;
  -webkit-letter-spacing: -0.01em;
  -moz-letter-spacing: -0.01em;
  -ms-letter-spacing: -0.01em;
  letter-spacing: -0.01em;
}

.c1 {
  cursor: auto;
  color: rgba(19,19,19,0.63);
}

.c2 {
  text-align: right;
  overflow-wrap: break-word;
}

<body
  style="pointer-events: none;"
>
  <div
    aria-hidden="true"
    data-aria-hidden="true"
  >
    <span
      class=""
      style="display: contents;"
    >
      <span
        class="font_unset _display-inline _boxSizing-border-box _wordWrap-break-word _whiteSpace-pre-wrap _position-absolute _width-1px _height-1px _mt--1px _mr--1px _mb--1px _ml--1px _zIndex--10000 _overflowX-hidden _overflowY-hidden _opacity-1e-8 _pointerEvents-none"
      >
        <h2
          class="is_DialogTitle font_heading _display-inline _boxSizing-border-box _wordWrap-break-word _userSelect-auto _color-color _whiteSpace-normal _fontFamily-f-family _mt-0px _mr-0px _mb-0px _ml-0px"
          data-disable-theme="true"
          id="title-:r14:"
          role="heading"
        />
      </span>
      <div
        style="display: contents;"
      />
    </span>
  </div>
  <div
    class="_display-flex _alignItems-stretch _flexBasis-auto _boxSizing-border-box _minHeight-0px _minWidth-0px _flexShrink-0 _flexDirection-column _contain-strict _position-fixed _top-0px _left-0px _right-0px _bottom-0px _maxWidth-100vw _maxHeight-100vh _pointerEvents-none _zIndex-1000"
  >
    <span
      class=" _dsp_contents"
    >
      <span
        class="t_sub_theme t_light _dsp_contents is_Theme"
      >
        <div
          class="_display-flex _alignItems-center _flexBasis-auto _boxSizing-border-box _position-fixed _minHeight-0px _minWidth-0px _flexShrink-0 _flexDirection-column _justifyContent-center _top-0px _left-0px _right-0px _bottom-0px _maxHeight-100vh _pointerEvents-auto _zIndex-1060"
        >
          <div
            aria-hidden="true"
            class="is_DialogOverlay _opacity-0enter-0 _display-flex _alignItems-stretch _flexBasis-auto _boxSizing-border-box _position-absolute _minHeight-0px _minWidth-0px _flexShrink-0 _flexDirection-column _top-0px _left-0px _right-0px _bottom-0px _backgroundColor-scrim _zIndex-1040 _pointerEvents-auto _opacity-0--5 is_DialogOverlay "
            data-aria-hidden="true"
            data-state="open"
          />
          <div
            class="_display-flex _alignItems-stretch _flexBasis-auto _boxSizing-border-box _position-relative _minHeight-0px _minWidth-0px _flexShrink-0 _flexDirection-column _flexGrow-1 _maxHeight-calc100vh-32087695319 _borderTopLeftRadius-t-radius-ro291586449 _borderTopRightRadius-t-radius-ro291586449 _borderBottomRightRadius-t-radius-ro291586449 _borderBottomLeftRadius-t-radius-ro291586449 _justifyContent-center _overflowX-hidden _overflowY-hidden"
          >
            <div
              class="_dsp_contents"
              data-remove-scroll-container="true"
            >
              <div
                style="display: contents; pointer-events: auto;"
              >
                <dialog
                  aria-describedby="description-:r14:"
                  aria-labelledby="title-:r14:"
                  class="is_DialogContent _transform-0enter-translateX01029433866 _opacity-0enter-0 _overflowX-_platformweb_auto _overflowY-_platformweb_auto _pt-_sm_t-space-spa1360334080 _pr-_sm_t-space-spa1360334080 _pb-_sm_t-space-spa1360334080 _pl-_sm_t-space-spa1360334080 _height-_sm_max-content _maxHeight-_sm_calc100dvh-296810814 _display-flex _alignItems-stretch _flexBasis-auto _boxSizing-border-box _position-relative _minHeight-0px _minWidth-0px _flexShrink-0 _flexDirection-column _backgroundColor-background _pt-t-space-spa1360334047 _pr-t-space-spa1360334047 _pb-t-space-spa1360334047 _pl-t-space-spa1360334047 _borderTopLeftRadius-t-radius-ro291586449 _borderTopRightRadius-t-radius-ro291586449 _borderBottomRightRadius-t-radius-ro291586449 _borderBottomLeftRadius-t-radius-ro291586449 _zIndex-1060 _borderTopWidth-1px _borderRightWidth-1px _borderBottomWidth-1px _borderLeftWidth-1px _borderTopColor-surface3 _borderRightColor-surface3 _borderBottomColor-surface3 _borderLeftColor-surface3 _borderBottomStyle-solid _borderTopStyle-solid _borderLeftStyle-solid _borderRightStyle-solid _gap-t-space-spa94665589 _mt-t-space-non101 _mr-t-space-non101 _mb-t-space-non101 _ml-t-space-non101 _maxHeight-calc100vh-32087695319 _maxWidth-420px _width-calc100vw-32087695319 _outlineStyle-none _boxShadow-0px3px6pxva26674076"
                  data-state="open"
                  id="content-:r14:"
                  style="opacity: 1;"
                  tabindex="-1"
                >
                  <div
                    class="_display-flex _flexBasis-auto _boxSizing-border-box _position-relative _minHeight-0px _minWidth-0px _flexShrink-0 _flexDirection-row _justifyContent-space-betwe3241 _alignItems-center _gap-t-space-spa94665589 _width-10037"
                  >
                    <div
                      class="_display-flex _flexBasis-auto _boxSizing-border-box _position-relative _minHeight-0px _minWidth-0px _flexShrink-1 _flexDirection-row _flexGrow-1 _justifyContent-flex-end _alignItems-center _gap-10px"
                    >
                      <a
                        href="https://support.uniswap.org/hc/en-us"
                        style="text-decoration: none;"
                        target="_blank"
                      >
                        <div
                          class="_backgroundColor-0hover-surface2Hov3121676 _display-flex _flexBasis-auto _boxSizing-border-box _position-relative _minHeight-0px _minWidth-0px _flexShrink-0 _flexDirection-row _width-fit-content _borderTopLeftRadius-t-radius-ro291586449 _borderTopRightRadius-t-radius-ro291586449 _borderBottomRightRadius-t-radius-ro291586449 _borderBottomLeftRadius-t-radius-ro291586449 _pr-t-space-spa94665593 _pl-t-space-spa94665593 _pt-t-space-spa94665589 _pb-t-space-spa94665589 _backgroundColor-surface2 _gap-4px _alignItems-center"
                        >
                          <svg
                            fill="rgba(19, 19, 19, 0.63)"
                            height="16"
                            stroke="none"
                            viewBox="0 0 16 16"
                            width="16"
                            xmlns="http://www.w3.org/2000/svg"
                          >
                            <path
                              d="M11.3066 8.66699C11.7132 8.66699 12.0533 8.77366 12.3333 8.94033C12.5626 8.80633 12.8332 8.70966 13.1466 8.67766C13.2506 8.667 13.3333 8.58633 13.3333 8.48233V4.66699C13.3333 3.33366 12.6666 2.66699 11.3333 2.66699H3.33325C1.99992 2.66699 1.33325 3.33366 1.33325 4.66699V10.667C1.33325 12.0003 1.99992 12.667 3.33325 12.667H9.06665C9.25132 12.667 9.29996 12.5023 9.26196 12.4163C9.1733 12.213 9.10664 11.997 9.05998 11.767C8.89331 10.8937 9.0733 10.0603 9.5533 9.46699C9.9733 8.95366 10.5932 8.66699 11.3066 8.66699ZM8.01929 8.11966C7.81395 8.26899 7.57325 8.34366 7.33325 8.34366C7.09325 8.34366 6.85188 8.26899 6.64722 8.12032L3.37264 5.73832C3.14931 5.57632 3.09995 5.263 3.26261 5.03966C3.42461 4.81766 3.73585 4.76632 3.96118 4.92966L7.23592 7.31099C7.29459 7.35299 7.37257 7.35366 7.43123 7.31099L10.706 4.92966C10.9306 4.76632 11.2425 4.817 11.4045 5.03966C11.5672 5.263 11.5178 5.57565 11.2945 5.73832L8.01929 8.11966ZM14.6252 11.5697C14.3212 13.1117 12.3359 14.0003 12.3359 14.0003C12.3359 14.0003 10.3506 13.1123 10.0466 11.5697C9.85996 10.6237 10.2679 9.67166 11.3046 9.66699C12.0766 9.66366 12.3359 10.429 12.3359 10.429C12.3359 10.429 12.5953 9.66366 13.3673 9.66699C14.4066 9.67166 14.8119 10.6237 14.6252 11.5697Z"
                              fill="rgba(19, 19, 19, 0.63)"
                            />
                          </svg>
                          <span
                            class="font_body _display-inline _boxSizing-border-box _whiteSpace-pre-wrap _mt-0px _mr-0px _mb-0px _ml-0px _color-neutral2 _fontFamily-f-family _wordWrap-break-word _fontSize-f-size-medi3736 _lineHeight-f-lineHeigh507465454 _fontWeight-f-weight-bo3548"
                            data-disable-theme="true"
                          >
                            Get help
                          </span>
                        </div>
                      </a>
                      <div
                        class="is_TouchableArea _transform-0active-scale11281 _opacity-0active-0--75 _containerType-_platformweb_normal _transform-0focus-visible-scaleX0--98sc535634366 _outlineWidth-0focus-visible-1px _outlineOffset-0focus-visible-1px _outlineStyle-0focus-visible-solid _outlineColor-0focus-visible-neutral3 _display-flex _alignItems-stretch _flexBasis-auto _boxSizing-border-box _position-relative _minHeight-0px _minWidth-0px _flexShrink-0 _flexDirection-column _borderTopLeftRadius-t-radius-ro291586453 _borderTopRightRadius-t-radius-ro291586453 _borderBottomRightRadius-t-radius-ro291586453 _borderBottomLeftRadius-t-radius-ro291586453 _backgroundColor-transparent _cursor-pointer t_group_true"
                        role="button"
                        tabindex="0"
                      >
                        <div
                          class="_display-flex _alignItems-stretch _flexDirection-column _flexBasis-auto _boxSizing-border-box _position-relative _minHeight-0px _minWidth-0px _flexShrink-0"
                        >
                          <svg
                            fill="none"
                            stroke-width="8"
                            style="width: 24px; height: 24px; color: rgba(19, 19, 19, 0.63);"
                            viewBox="0 0 16 16"
                          >
                            <path
                              d="M12.5303 4.53033C12.8232 4.23744 12.8232 3.76256 12.5303 3.46967C12.2374 3.17678 11.7626 3.17678 11.4697 3.46967L12.5303 4.53033ZM3.46967 11.4697C3.17678 11.7626 3.17678 12.2374 3.46967 12.5303C3.76256 12.8232 4.23744 12.8232 4.53033 12.5303L3.46967 11.4697ZM4.53033 3.46967C4.23744 3.17678 3.76256 3.17678 3.46967 3.46967C3.17678 3.76256 3.17678 4.23744 3.46967 4.53033L4.53033 3.46967ZM11.4697 12.5303C11.7626 12.8232 12.2374 12.8232 12.5303 12.5303C12.8232 12.2374 12.8232 11.7626 12.5303 11.4697L11.4697 12.5303ZM11.4697 3.46967L3.46967 11.4697L4.53033 12.5303L12.5303 4.53033L11.4697 3.46967ZM3.46967 4.53033L11.4697 12.5303L12.5303 11.4697L4.53033 3.46967L3.46967 4.53033Z"
                              fill="currentColor"
                            />
                          </svg>
                        </div>
                      </div>
                    </div>
                  </div>
                  <div
                    class="_display-flex _flexBasis-auto _boxSizing-border-box _position-relative _minHeight-0px _minWidth-0px _flexShrink-0 _flexDirection-column _alignItems-center _pt-t-space-spa1360334080 _pr-t-space-spa1360334080 _pb-t-space-spa1360334080 _pl-t-space-spa1360334080 _gap-t-space-spa94665593"
                  >
                    <div
                      class="_display-flex _flexBasis-auto _boxSizing-border-box _position-relative _minHeight-0px _minWidth-0px _flexShrink-0 _flexDirection-column _backgroundColor-surface3 _borderTopLeftRadius-t-radius-ro291586453 _borderTopRightRadius-t-radius-ro291586453 _borderBottomRightRadius-t-radius-ro291586453 _borderBottomLeftRadius-t-radius-ro291586453 _height-t-size-spac100347366 _width-t-size-spac100347366 _alignItems-center _justifyContent-center _mb-t-space-spa94665589"
                      data-testid="dialog-icon"
                    >
                      <svg
                        fill="none"
                        height="24"
                        stroke="#131313"
                        stroke-linecap="round"
                        stroke-linejoin="round"
                        stroke-width="2"
                        viewBox="0 0 24 24"
                        width="24"
                        xmlns="http://www.w3.org/2000/svg"
                      >
                        <circle
                          cx="12"
                          cy="12"
                          r="10"
                        />
                        <line
                          x1="4.93"
                          x2="19.07"
                          y1="4.93"
                          y2="19.07"
                        />
                      </svg>
                    </div>
                    <span
                      class="font_subHeading _display-inline _boxSizing-border-box _whiteSpace-pre-wrap _mt-t-space-spa94665593 _mr-0px _mb-0px _ml-0px _color-neutral1 _fontFamily-f-family _wordWrap-break-word _fontSize-f-size-larg101 _lineHeight-f-lineHeigh1262266530 _fontWeight-f-weight-bo3548"
                      data-disable-theme="true"
                    >
                      Cancel limit
                    </span>
                    <span
                      class="font_body _display-inline _boxSizing-border-box _whiteSpace-pre-wrap _mt-0px _mr-0px _mb-0px _ml-0px _color-neutral2 _fontFamily-f-family _wordWrap-break-word _fontSize-f-size-smal108 _lineHeight-f-lineHeigh1269072494 _fontWeight-f-weight-bo3548"
                      data-disable-theme="true"
                    >
                      Your swap could execute before cancellation is processed. Your network costs cannot be refunded. Do you wish to proceed?
                    </span>
                    <div
                      class="_display-flex _alignItems-stretch _flexBasis-auto _boxSizing-border-box _position-relative _minHeight-0px _minWidth-0px _flexShrink-0 _flexDirection-row _mt-t-space-spa1360334076 _pt-t-space-spa1360334076 _borderTopColor-surface3 _borderRightColor-transparent _borderBottomColor-transparent _borderLeftColor-transparent _borderTopWidth-t-space-spa94665586 _borderRightWidth-t-space-spa94665586 _borderBottomWidth-t-space-spa94665586 _borderLeftWidth-t-space-spa94665586 _width-10037 _borderBottomStyle-solid _borderTopStyle-solid _borderLeftStyle-solid _borderRightStyle-solid"
                    >
                      <div
                        class="_display-flex _flexBasis-auto _boxSizing-border-box _position-relative _minHeight-0px _minWidth-0px _flexShrink-0 _flexDirection-row _alignItems-center _justifyContent-space-betwe3241 _width-10037"
                      >
                        <div
                          class="c0 c1 css-142zc9n"
                          data-testid="swap-li-label"
                        >
                          Network cost
                        </div>
                        <div
                          class="c0 c2 css-142zc9n"
                        >
                          <span>
                            -
                          </span>
                        </div>
                      </div>
                    </div>
                    <div
                      class="_display-flex _alignItems-stretch _flexBasis-auto _boxSizing-border-box _position-relative _minHeight-0px _minWidth-0px _flexShrink-0 _gap-t-space-spa94665593 _width-10037 _mt-t-space-spa1360334076 _flexDirection-row"
                    >
                      <button
                        class="is_Button _containerType-_platformweb_normal _outlineWidth-0focus-visible-1px _outlineOffset-0focus-visible-2px _outlineStyle-0focus-visible-solid _transform-0focus-visible-scaleX0--98sc575196563 _backgroundColor-0hover-surface3Hov3121676 _backgroundColor-0focus-visible-surface3Hov3121676 _outlineColor-0focus-visible-neutral3Hov3121676 _transform-0active-scale0--981281 _backgroundColor-0active-surface3Hov3121676 _display-flex _flexBasis-0px _boxSizing-border-box _position-relative _minWidth-0px _flexShrink-1 _flexDirection-row _borderTopWidth-1px _borderRightWidth-1px _borderBottomWidth-1px _borderLeftWidth-1px _alignItems-center _justifyContent-center _backgroundColor-surface3 _borderTopColor-borderColor _borderRightColor-borderColor _borderBottomColor-borderColor _borderLeftColor-borderColor _cursor-pointer _height-auto _alignSelf-stretch _flexGrow-1 _pr-t-space-spa1360334076 _pl-t-space-spa1360334076 _pt-t-space-spa1360334080 _pb-t-space-spa1360334080 _borderTopLeftRadius-t-radius-ro291586449 _borderTopRightRadius-t-radius-ro291586449 _borderBottomRightRadius-t-radius-ro291586449 _borderBottomLeftRadius-t-radius-ro291586449 _gap-t-space-spa94665593 _minHeight-t-size-spac100347366 _borderBottomStyle-solid _borderTopStyle-solid _borderLeftStyle-solid _borderRightStyle-solid t_group_item"
                        dd-action-name="Never mind"
                      >
                        <span
                          class="font_button _color-_groupitem-hover_neutral1Hov3121676 _display-inline _boxSizing-border-box _wordWrap-break-word _whiteSpace-nowrap _mt-0px _mr-0px _mb-0px _ml-0px _color-neutral1 _fontFamily-f-family _maxWidth-10037 _overflowX-hidden _overflowY-hidden _textOverflow-ellipsis _textAlign-center _fontSize-f-size-medi3736 _fontWeight-f-weight-me3083741 _lineHeight-f-lineHeigh1262266530"
                          line-height-disabled="false"
                        >
                          Never mind
                        </span>
                      </button>
                      <button
                        class="is_Button _containerType-_platformweb_normal _outlineWidth-0focus-visible-1px _outlineOffset-0focus-visible-2px _outlineStyle-0focus-visible-solid _transform-0focus-visible-scaleX0--98sc575196563 _backgroundColor-0hover-statusCriti1611160553 _backgroundColor-0focus-visible-statusCriti1611160553 _outlineColor-0focus-visible-statusCriti506252077 _transform-0active-scale0--981281 _backgroundColor-0active-statusCriti1611160553 _display-flex _flexBasis-0px _boxSizing-border-box _position-relative _minWidth-0px _flexShrink-1 _flexDirection-row _borderTopWidth-1px _borderRightWidth-1px _borderBottomWidth-1px _borderLeftWidth-1px _alignItems-center _justifyContent-center _backgroundColor-statusCriti3045924 _borderTopColor-borderColor _borderRightColor-borderColor _borderBottomColor-borderColor _borderLeftColor-borderColor _cursor-pointer _height-auto _alignSelf-stretch _flexGrow-1 _pr-t-space-spa1360334076 _pl-t-space-spa1360334076 _pt-t-space-spa1360334080 _pb-t-space-spa1360334080 _borderTopLeftRadius-t-radius-ro291586449 _borderTopRightRadius-t-radius-ro291586449 _borderBottomRightRadius-t-radius-ro291586449 _borderBottomLeftRadius-t-radius-ro291586449 _gap-t-space-spa94665593 _minHeight-t-size-spac100347366 _borderBottomStyle-solid _borderTopStyle-solid _borderLeftStyle-solid _borderRightStyle-solid t_group_item"
                        dd-action-name="Proceed"
                      >
                        <span
                          class="font_button _color-_groupitem-hover_statusCriti506252077 _display-inline _boxSizing-border-box _wordWrap-break-word _whiteSpace-nowrap _mt-0px _mr-0px _mb-0px _ml-0px _color-statusCriti98254 _fontFamily-f-family _maxWidth-10037 _overflowX-hidden _overflowY-hidden _textOverflow-ellipsis _textAlign-center _fontSize-f-size-medi3736 _fontWeight-f-weight-me3083741 _lineHeight-f-lineHeigh1262266530"
                          line-height-disabled="false"
                        >
                          Proceed
                        </span>
                      </button>
                    </div>
                  </div>
                </dialog>
              </div>
            </div>
          </div>
        </div>
      </span>
    </span>
  </div>
</body>
`;

exports[`CancelOrdersDialog > should render order cancel correctly 1`] = `
.c0 {
  color: #131313;
  -webkit-letter-spacing: -0.01em;
  -moz-letter-spacing: -0.01em;
  -ms-letter-spacing: -0.01em;
  letter-spacing: -0.01em;
}

.c1 {
  cursor: auto;
  color: rgba(19,19,19,0.63);
}

.c2 {
  text-align: right;
  overflow-wrap: break-word;
}

<body
  style="pointer-events: none;"
>
  <div
    aria-hidden="true"
    data-aria-hidden="true"
  >
    <span
      class=""
      style="display: contents;"
    >
      <span
        class="font_unset _display-inline _boxSizing-border-box _wordWrap-break-word _whiteSpace-pre-wrap _position-absolute _width-1px _height-1px _mt--1px _mr--1px _mb--1px _ml--1px _zIndex--10000 _overflowX-hidden _overflowY-hidden _opacity-1e-8 _pointerEvents-none"
      >
        <h2
          class="is_DialogTitle font_heading _display-inline _boxSizing-border-box _wordWrap-break-word _userSelect-auto _color-color _whiteSpace-normal _fontFamily-f-family _mt-0px _mr-0px _mb-0px _ml-0px"
          data-disable-theme="true"
          id="title-:r2:"
          role="heading"
        />
      </span>
      <div
        style="display: contents;"
      />
    </span>
  </div>
  <div
    class="_display-flex _alignItems-stretch _flexBasis-auto _boxSizing-border-box _minHeight-0px _minWidth-0px _flexShrink-0 _flexDirection-column _contain-strict _position-fixed _top-0px _left-0px _right-0px _bottom-0px _maxWidth-100vw _maxHeight-100vh _pointerEvents-none _zIndex-1000"
  >
    <span
      class=" _dsp_contents"
    >
      <span
        class="t_sub_theme t_light _dsp_contents is_Theme"
      >
        <div
          class="_display-flex _alignItems-center _flexBasis-auto _boxSizing-border-box _position-fixed _minHeight-0px _minWidth-0px _flexShrink-0 _flexDirection-column _justifyContent-center _top-0px _left-0px _right-0px _bottom-0px _maxHeight-100vh _pointerEvents-auto _zIndex-1060"
        >
          <div
            aria-hidden="true"
            class="is_DialogOverlay _opacity-0enter-0 _display-flex _alignItems-stretch _flexBasis-auto _boxSizing-border-box _position-absolute _minHeight-0px _minWidth-0px _flexShrink-0 _flexDirection-column _top-0px _left-0px _right-0px _bottom-0px _backgroundColor-scrim _zIndex-1040 _pointerEvents-auto _opacity-0--5 is_DialogOverlay "
            data-aria-hidden="true"
            data-state="open"
          />
          <div
            class="_display-flex _alignItems-stretch _flexBasis-auto _boxSizing-border-box _position-relative _minHeight-0px _minWidth-0px _flexShrink-0 _flexDirection-column _flexGrow-1 _maxHeight-calc100vh-32087695319 _borderTopLeftRadius-t-radius-ro291586449 _borderTopRightRadius-t-radius-ro291586449 _borderBottomRightRadius-t-radius-ro291586449 _borderBottomLeftRadius-t-radius-ro291586449 _justifyContent-center _overflowX-hidden _overflowY-hidden"
          >
            <div
              class="_dsp_contents"
              data-remove-scroll-container="true"
            >
              <div
                style="display: contents; pointer-events: auto;"
              >
                <dialog
                  aria-describedby="description-:r2:"
                  aria-labelledby="title-:r2:"
                  class="is_DialogContent _transform-0enter-translateX01029433866 _opacity-0enter-0 _overflowX-_platformweb_auto _overflowY-_platformweb_auto _pt-_sm_t-space-spa1360334080 _pr-_sm_t-space-spa1360334080 _pb-_sm_t-space-spa1360334080 _pl-_sm_t-space-spa1360334080 _height-_sm_max-content _maxHeight-_sm_calc100dvh-296810814 _display-flex _alignItems-stretch _flexBasis-auto _boxSizing-border-box _position-relative _minHeight-0px _minWidth-0px _flexShrink-0 _flexDirection-column _backgroundColor-background _pt-t-space-spa1360334047 _pr-t-space-spa1360334047 _pb-t-space-spa1360334047 _pl-t-space-spa1360334047 _borderTopLeftRadius-t-radius-ro291586449 _borderTopRightRadius-t-radius-ro291586449 _borderBottomRightRadius-t-radius-ro291586449 _borderBottomLeftRadius-t-radius-ro291586449 _zIndex-1060 _borderTopWidth-1px _borderRightWidth-1px _borderBottomWidth-1px _borderLeftWidth-1px _borderTopColor-surface3 _borderRightColor-surface3 _borderBottomColor-surface3 _borderLeftColor-surface3 _borderBottomStyle-solid _borderTopStyle-solid _borderLeftStyle-solid _borderRightStyle-solid _gap-t-space-spa94665589 _mt-t-space-non101 _mr-t-space-non101 _mb-t-space-non101 _ml-t-space-non101 _maxHeight-calc100vh-32087695319 _maxWidth-420px _width-calc100vw-32087695319 _outlineStyle-none _boxShadow-0px3px6pxva26674076"
                  data-state="open"
                  id="content-:r2:"
                  style="opacity: 1;"
                  tabindex="-1"
                >
                  <div
                    class="_display-flex _flexBasis-auto _boxSizing-border-box _position-relative _minHeight-0px _minWidth-0px _flexShrink-0 _flexDirection-row _justifyContent-space-betwe3241 _alignItems-center _gap-t-space-spa94665589 _width-10037"
                  >
                    <div
                      class="_display-flex _flexBasis-auto _boxSizing-border-box _position-relative _minHeight-0px _minWidth-0px _flexShrink-1 _flexDirection-row _flexGrow-1 _justifyContent-flex-end _alignItems-center _gap-10px"
                    >
                      <a
                        href="https://support.uniswap.org/hc/en-us"
                        style="text-decoration: none;"
                        target="_blank"
                      >
                        <div
                          class="_backgroundColor-0hover-surface2Hov3121676 _display-flex _flexBasis-auto _boxSizing-border-box _position-relative _minHeight-0px _minWidth-0px _flexShrink-0 _flexDirection-row _width-fit-content _borderTopLeftRadius-t-radius-ro291586449 _borderTopRightRadius-t-radius-ro291586449 _borderBottomRightRadius-t-radius-ro291586449 _borderBottomLeftRadius-t-radius-ro291586449 _pr-t-space-spa94665593 _pl-t-space-spa94665593 _pt-t-space-spa94665589 _pb-t-space-spa94665589 _backgroundColor-surface2 _gap-4px _alignItems-center"
                        >
                          <svg
                            fill="rgba(19, 19, 19, 0.63)"
                            height="16"
                            stroke="none"
                            viewBox="0 0 16 16"
                            width="16"
                            xmlns="http://www.w3.org/2000/svg"
                          >
                            <path
                              d="M11.3066 8.66699C11.7132 8.66699 12.0533 8.77366 12.3333 8.94033C12.5626 8.80633 12.8332 8.70966 13.1466 8.67766C13.2506 8.667 13.3333 8.58633 13.3333 8.48233V4.66699C13.3333 3.33366 12.6666 2.66699 11.3333 2.66699H3.33325C1.99992 2.66699 1.33325 3.33366 1.33325 4.66699V10.667C1.33325 12.0003 1.99992 12.667 3.33325 12.667H9.06665C9.25132 12.667 9.29996 12.5023 9.26196 12.4163C9.1733 12.213 9.10664 11.997 9.05998 11.767C8.89331 10.8937 9.0733 10.0603 9.5533 9.46699C9.9733 8.95366 10.5932 8.66699 11.3066 8.66699ZM8.01929 8.11966C7.81395 8.26899 7.57325 8.34366 7.33325 8.34366C7.09325 8.34366 6.85188 8.26899 6.64722 8.12032L3.37264 5.73832C3.14931 5.57632 3.09995 5.263 3.26261 5.03966C3.42461 4.81766 3.73585 4.76632 3.96118 4.92966L7.23592 7.31099C7.29459 7.35299 7.37257 7.35366 7.43123 7.31099L10.706 4.92966C10.9306 4.76632 11.2425 4.817 11.4045 5.03966C11.5672 5.263 11.5178 5.57565 11.2945 5.73832L8.01929 8.11966ZM14.6252 11.5697C14.3212 13.1117 12.3359 14.0003 12.3359 14.0003C12.3359 14.0003 10.3506 13.1123 10.0466 11.5697C9.85996 10.6237 10.2679 9.67166 11.3046 9.66699C12.0766 9.66366 12.3359 10.429 12.3359 10.429C12.3359 10.429 12.5953 9.66366 13.3673 9.66699C14.4066 9.67166 14.8119 10.6237 14.6252 11.5697Z"
                              fill="rgba(19, 19, 19, 0.63)"
                            />
                          </svg>
                          <span
                            class="font_body _display-inline _boxSizing-border-box _whiteSpace-pre-wrap _mt-0px _mr-0px _mb-0px _ml-0px _color-neutral2 _fontFamily-f-family _wordWrap-break-word _fontSize-f-size-medi3736 _lineHeight-f-lineHeigh507465454 _fontWeight-f-weight-bo3548"
                            data-disable-theme="true"
                          >
                            Get help
                          </span>
                        </div>
                      </a>
                      <div
                        class="is_TouchableArea _transform-0active-scale11281 _opacity-0active-0--75 _containerType-_platformweb_normal _transform-0focus-visible-scaleX0--98sc535634366 _outlineWidth-0focus-visible-1px _outlineOffset-0focus-visible-1px _outlineStyle-0focus-visible-solid _outlineColor-0focus-visible-neutral3 _display-flex _alignItems-stretch _flexBasis-auto _boxSizing-border-box _position-relative _minHeight-0px _minWidth-0px _flexShrink-0 _flexDirection-column _borderTopLeftRadius-t-radius-ro291586453 _borderTopRightRadius-t-radius-ro291586453 _borderBottomRightRadius-t-radius-ro291586453 _borderBottomLeftRadius-t-radius-ro291586453 _backgroundColor-transparent _cursor-pointer t_group_true"
                        role="button"
                        tabindex="0"
                      >
                        <div
                          class="_display-flex _alignItems-stretch _flexDirection-column _flexBasis-auto _boxSizing-border-box _position-relative _minHeight-0px _minWidth-0px _flexShrink-0"
                        >
                          <svg
                            fill="none"
                            stroke-width="8"
                            style="width: 24px; height: 24px; color: rgba(19, 19, 19, 0.63);"
                            viewBox="0 0 16 16"
                          >
                            <path
                              d="M12.5303 4.53033C12.8232 4.23744 12.8232 3.76256 12.5303 3.46967C12.2374 3.17678 11.7626 3.17678 11.4697 3.46967L12.5303 4.53033ZM3.46967 11.4697C3.17678 11.7626 3.17678 12.2374 3.46967 12.5303C3.76256 12.8232 4.23744 12.8232 4.53033 12.5303L3.46967 11.4697ZM4.53033 3.46967C4.23744 3.17678 3.76256 3.17678 3.46967 3.46967C3.17678 3.76256 3.17678 4.23744 3.46967 4.53033L4.53033 3.46967ZM11.4697 12.5303C11.7626 12.8232 12.2374 12.8232 12.5303 12.5303C12.8232 12.2374 12.8232 11.7626 12.5303 11.4697L11.4697 12.5303ZM11.4697 3.46967L3.46967 11.4697L4.53033 12.5303L12.5303 4.53033L11.4697 3.46967ZM3.46967 4.53033L11.4697 12.5303L12.5303 11.4697L4.53033 3.46967L3.46967 4.53033Z"
                              fill="currentColor"
                            />
                          </svg>
                        </div>
                      </div>
                    </div>
                  </div>
                  <div
                    class="_display-flex _flexBasis-auto _boxSizing-border-box _position-relative _minHeight-0px _minWidth-0px _flexShrink-0 _flexDirection-column _alignItems-center _pt-t-space-spa1360334080 _pr-t-space-spa1360334080 _pb-t-space-spa1360334080 _pl-t-space-spa1360334080 _gap-t-space-spa94665593"
                  >
                    <div
                      class="_display-flex _flexBasis-auto _boxSizing-border-box _position-relative _minHeight-0px _minWidth-0px _flexShrink-0 _flexDirection-column _backgroundColor-surface3 _borderTopLeftRadius-t-radius-ro291586453 _borderTopRightRadius-t-radius-ro291586453 _borderBottomRightRadius-t-radius-ro291586453 _borderBottomLeftRadius-t-radius-ro291586453 _height-t-size-spac100347366 _width-t-size-spac100347366 _alignItems-center _justifyContent-center _mb-t-space-spa94665589"
                      data-testid="dialog-icon"
                    >
                      <svg
                        fill="none"
                        height="24"
                        stroke="#131313"
                        stroke-linecap="round"
                        stroke-linejoin="round"
                        stroke-width="2"
                        viewBox="0 0 24 24"
                        width="24"
                        xmlns="http://www.w3.org/2000/svg"
                      >
                        <circle
                          cx="12"
                          cy="12"
                          r="10"
                        />
                        <line
                          x1="4.93"
                          x2="19.07"
                          y1="4.93"
                          y2="19.07"
                        />
                      </svg>
                    </div>
                    <span
                      class="font_subHeading _display-inline _boxSizing-border-box _whiteSpace-pre-wrap _mt-t-space-spa94665593 _mr-0px _mb-0px _ml-0px _color-neutral1 _fontFamily-f-family _wordWrap-break-word _fontSize-f-size-larg101 _lineHeight-f-lineHeigh1262266530 _fontWeight-f-weight-bo3548"
                      data-disable-theme="true"
                    >
                      Cancel order
                    </span>
                    <span
                      class="font_body _display-inline _boxSizing-border-box _whiteSpace-pre-wrap _mt-0px _mr-0px _mb-0px _ml-0px _color-neutral2 _fontFamily-f-family _wordWrap-break-word _fontSize-f-size-smal108 _lineHeight-f-lineHeigh1269072494 _fontWeight-f-weight-bo3548"
                      data-disable-theme="true"
                    >
                      Your swap could execute before cancellation is processed. Your network costs cannot be refunded. Do you wish to proceed?
                    </span>
                    <div
                      class="_display-flex _alignItems-stretch _flexBasis-auto _boxSizing-border-box _position-relative _minHeight-0px _minWidth-0px _flexShrink-0 _flexDirection-row _mt-t-space-spa1360334076 _pt-t-space-spa1360334076 _borderTopColor-surface3 _borderRightColor-transparent _borderBottomColor-transparent _borderLeftColor-transparent _borderTopWidth-t-space-spa94665586 _borderRightWidth-t-space-spa94665586 _borderBottomWidth-t-space-spa94665586 _borderLeftWidth-t-space-spa94665586 _width-10037 _borderBottomStyle-solid _borderTopStyle-solid _borderLeftStyle-solid _borderRightStyle-solid"
                    >
                      <div
                        class="_display-flex _flexBasis-auto _boxSizing-border-box _position-relative _minHeight-0px _minWidth-0px _flexShrink-0 _flexDirection-row _alignItems-center _justifyContent-space-betwe3241 _width-10037"
                      >
                        <div
                          class="c0 c1 css-142zc9n"
                          data-testid="swap-li-label"
                        >
                          Network cost
                        </div>
                        <div
                          class="c0 c2 css-142zc9n"
                        >
                          <span>
                            -
                          </span>
                        </div>
                      </div>
                    </div>
                    <div
                      class="_display-flex _alignItems-stretch _flexBasis-auto _boxSizing-border-box _position-relative _minHeight-0px _minWidth-0px _flexShrink-0 _gap-t-space-spa94665593 _width-10037 _mt-t-space-spa1360334076 _flexDirection-row"
                    >
                      <button
                        class="is_Button _containerType-_platformweb_normal _outlineWidth-0focus-visible-1px _outlineOffset-0focus-visible-2px _outlineStyle-0focus-visible-solid _transform-0focus-visible-scaleX0--98sc575196563 _backgroundColor-0hover-surface3Hov3121676 _backgroundColor-0focus-visible-surface3Hov3121676 _outlineColor-0focus-visible-neutral3Hov3121676 _transform-0active-scale0--981281 _backgroundColor-0active-surface3Hov3121676 _display-flex _flexBasis-0px _boxSizing-border-box _position-relative _minWidth-0px _flexShrink-1 _flexDirection-row _borderTopWidth-1px _borderRightWidth-1px _borderBottomWidth-1px _borderLeftWidth-1px _alignItems-center _justifyContent-center _backgroundColor-surface3 _borderTopColor-borderColor _borderRightColor-borderColor _borderBottomColor-borderColor _borderLeftColor-borderColor _cursor-pointer _height-auto _alignSelf-stretch _flexGrow-1 _pr-t-space-spa1360334076 _pl-t-space-spa1360334076 _pt-t-space-spa1360334080 _pb-t-space-spa1360334080 _borderTopLeftRadius-t-radius-ro291586449 _borderTopRightRadius-t-radius-ro291586449 _borderBottomRightRadius-t-radius-ro291586449 _borderBottomLeftRadius-t-radius-ro291586449 _gap-t-space-spa94665593 _minHeight-t-size-spac100347366 _borderBottomStyle-solid _borderTopStyle-solid _borderLeftStyle-solid _borderRightStyle-solid t_group_item"
                        dd-action-name="Never mind"
                      >
                        <span
                          class="font_button _color-_groupitem-hover_neutral1Hov3121676 _display-inline _boxSizing-border-box _wordWrap-break-word _whiteSpace-nowrap _mt-0px _mr-0px _mb-0px _ml-0px _color-neutral1 _fontFamily-f-family _maxWidth-10037 _overflowX-hidden _overflowY-hidden _textOverflow-ellipsis _textAlign-center _fontSize-f-size-medi3736 _fontWeight-f-weight-me3083741 _lineHeight-f-lineHeigh1262266530"
                          line-height-disabled="false"
                        >
                          Never mind
                        </span>
                      </button>
                      <button
                        class="is_Button _containerType-_platformweb_normal _outlineWidth-0focus-visible-1px _outlineOffset-0focus-visible-2px _outlineStyle-0focus-visible-solid _transform-0focus-visible-scaleX0--98sc575196563 _backgroundColor-0hover-statusCriti1611160553 _backgroundColor-0focus-visible-statusCriti1611160553 _outlineColor-0focus-visible-statusCriti506252077 _transform-0active-scale0--981281 _backgroundColor-0active-statusCriti1611160553 _display-flex _flexBasis-0px _boxSizing-border-box _position-relative _minWidth-0px _flexShrink-1 _flexDirection-row _borderTopWidth-1px _borderRightWidth-1px _borderBottomWidth-1px _borderLeftWidth-1px _alignItems-center _justifyContent-center _backgroundColor-statusCriti3045924 _borderTopColor-borderColor _borderRightColor-borderColor _borderBottomColor-borderColor _borderLeftColor-borderColor _cursor-pointer _height-auto _alignSelf-stretch _flexGrow-1 _pr-t-space-spa1360334076 _pl-t-space-spa1360334076 _pt-t-space-spa1360334080 _pb-t-space-spa1360334080 _borderTopLeftRadius-t-radius-ro291586449 _borderTopRightRadius-t-radius-ro291586449 _borderBottomRightRadius-t-radius-ro291586449 _borderBottomLeftRadius-t-radius-ro291586449 _gap-t-space-spa94665593 _minHeight-t-size-spac100347366 _borderBottomStyle-solid _borderTopStyle-solid _borderLeftStyle-solid _borderRightStyle-solid t_group_item"
                        dd-action-name="Proceed"
                      >
                        <span
                          class="font_button _color-_groupitem-hover_statusCriti506252077 _display-inline _boxSizing-border-box _wordWrap-break-word _whiteSpace-nowrap _mt-0px _mr-0px _mb-0px _ml-0px _color-statusCriti98254 _fontFamily-f-family _maxWidth-10037 _overflowX-hidden _overflowY-hidden _textOverflow-ellipsis _textAlign-center _fontSize-f-size-medi3736 _fontWeight-f-weight-me3083741 _lineHeight-f-lineHeigh1262266530"
                          line-height-disabled="false"
                        >
                          Proceed
                        </span>
                      </button>
                    </div>
                  </div>
                </dialog>
              </div>
            </div>
          </div>
        </div>
      </span>
    </span>
  </div>
</body>
`;
