// Vitest Snapshot v1, https://vitest.dev/guide/snapshot.html

exports[`NewUserCTAButton > displays a button with call to action text and icons 1`] = `
<div>
  <span
    class=""
    style="display: contents;"
  >
    <button
      class="is_Button _containerType-_platformweb_normal _outlineWidth-0focus-visible-1px _outlineOffset-0focus-visible-2px _outlineStyle-0focus-visible-solid _transform-0focus-visible-scaleX0--98sc575196563 _borderTopColor-0hover-surface3Hov3121676 _borderRightColor-0hover-surface3Hov3121676 _borderBottomColor-0hover-surface3Hov3121676 _borderLeftColor-0hover-surface3Hov3121676 _backgroundColor-0focus-visible-surface1 _outlineColor-0focus-visible-neutral3Hov3121676 _transform-0active-scale0--981281 _borderTopColor-0active-surface3Hov3121676 _borderRightColor-0active-surface3Hov3121676 _borderBottomColor-0active-surface3Hov3121676 _borderLeftColor-0active-surface3Hov3121676 _display-flex _flexBasis-auto _boxSizing-border-box _position-relative _minHeight-0px _minWidth-0px _flexShrink-0 _flexDirection-row _borderTopWidth-1px _borderRightWidth-1px _borderBottomWidth-1px _borderLeftWidth-1px _alignItems-center _justifyContent-center _backgroundColor-transparent _borderTopColor-surface3 _borderRightColor-surface3 _borderBottomColor-surface3 _borderLeftColor-surface3 _cursor-pointer _height-auto _pr-t-space-spa1360334080 _pl-t-space-spa1360334080 _pt-t-space-spa94665593 _pb-t-space-spa94665593 _borderTopLeftRadius-t-radius-ro291586453 _borderTopRightRadius-t-radius-ro291586453 _borderBottomRightRadius-t-radius-ro291586453 _borderBottomLeftRadius-t-radius-ro291586453 _gap-t-space-spa94665593 _borderBottomStyle-solid _borderTopStyle-solid _borderLeftStyle-solid _borderRightStyle-solid t_group_item"
      data-testid="new-user-cta-button"
      dd-action-name="Get the app"
    >
      <span
        class="font_button _color-_groupitem-hover_neutral1Hov3121676 _display-inline _boxSizing-border-box _wordWrap-break-word _whiteSpace-nowrap _mt-0px _mr-0px _mb-0px _ml-0px _color-neutral1 _fontFamily-f-family _maxWidth-10037 _overflowX-hidden _overflowY-hidden _textOverflow-ellipsis _textAlign-center _fontSize-f-size-smal108 _fontWeight-f-weight-me3083741 _lineHeight-f-lineHeigh1269072494"
        line-height-disabled="false"
      >
        Get the app
      </span>
    </button>
    <div
      style="display: contents;"
    />
  </span>
</div>
`;
