// Vitest Snapshot v1, https://vitest.dev/guide/snapshot.html

exports[`SendReviewModal > should render input in fiat correctly 1`] = `
.c2 {
  height: 36px;
  width: 36px;
}

.c2 path {
  stroke: rgba(19,19,19,0.35);
  background: rgba(19,19,19,0.63);
  fill: rgba(19,19,19,0.35);
}

.c3 {
  -webkit-animation: 2s fvtopB linear infinite;
  animation: 2s fvtopB linear infinite;
}

.c0 {
  color: #131313;
  -webkit-letter-spacing: -0.01em;
  -moz-letter-spacing: -0.01em;
  -ms-letter-spacing: -0.01em;
  letter-spacing: -0.01em;
}

.c1 {
  color: rgba(19,19,19,0.63);
  -webkit-letter-spacing: -0.01em;
  -moz-letter-spacing: -0.01em;
  -ms-letter-spacing: -0.01em;
  letter-spacing: -0.01em;
}

<div
  class="_display-flex _alignItems-stretch _flexBasis-auto _boxSizing-border-box _position-relative _minHeight-0px _minWidth-0px _flexShrink-0 _flexDirection-column _width-10037 _gap-t-space-gap1573"
  data-testid="send-review-modal"
>
  <div
    class="_display-flex _alignItems-stretch _flexBasis-auto _boxSizing-border-box _position-relative _minHeight-0px _minWidth-0px _flexShrink-0 _flexDirection-column _gap-t-space-gap1602 _pr-t-space-spa1360334080 _pl-t-space-spa1360334080"
  >
    <div
      class="_display-flex _flexBasis-auto _boxSizing-border-box _position-relative _minHeight-0px _minWidth-0px _flexShrink-0 _flexDirection-row _justifyContent-space-betwe3241 _alignItems-center"
    >
      <div
        class="_display-flex _alignItems-stretch _flexBasis-auto _boxSizing-border-box _position-relative _minHeight-0px _minWidth-0px _flexShrink-0 _flexDirection-column _gap-t-space-gap52"
      >
        <div
          class="c0 css-15popx1"
        >
          $1,000.00
        </div>
        <div
          class="c1 css-1a4qi6e"
        >
          100.00 DAI
        </div>
      </div>
      <div
        class="_display-flex _alignItems-stretch _flexBasis-auto _boxSizing-border-box _position-relative _minHeight-0px _minWidth-0px _flexShrink-0 _flexDirection-column _height-36px"
      >
        <div
          class="_display-flex _flexBasis-auto _boxSizing-border-box _position-relative _minHeight-0px _minWidth-0px _flexShrink-0 _flexDirection-column _alignItems-center _top-0px _left-0px"
        >
          <div
            class="_display-flex _alignItems-stretch _flexBasis-auto _boxSizing-border-box _minHeight-0px _minWidth-0px _flexShrink-0 _flexDirection-column _position-relative"
          >
            <div
              class="_display-flex _flexBasis-auto _boxSizing-border-box _minHeight-0px _minWidth-0px _flexShrink-0 _flexDirection-column _alignItems-center _height-36px _justifyContent-center _pointerEvents-auto _width-36px _position-relative"
              data-testid="token-logo"
            >
              <div
                class="_display-flex _alignItems-stretch _flexBasis-auto _boxSizing-border-box _minHeight-0px _minWidth-0px _flexShrink-0 _flexDirection-column _opacity-0 _height-9637 _width-9637 _zIndex-0 _backgroundColor-FFFFFF35 _position-absolute _top-237 _left-237 _borderTopLeftRadius-18px _borderTopRightRadius-18px _borderBottomRightRadius-18px _borderBottomLeftRadius-18px"
              />
              <div
                class="_display-flex _alignItems-stretch _flexBasis-auto _boxSizing-border-box _position-relative _minHeight-0px _minWidth-0px _flexShrink-0 _flexDirection-column"
                data-testid="img-token-image"
              >
                <img
                  height="36"
                  src="https://raw.githubusercontent.com/Uniswap/assets/master/blockchains/ethereum/assets/0x6B175474E89094C44Da98b954EedeAC495271d0F/logo.png"
                  style="object-fit: contain; border-radius: 18px; z-index: 1;"
                  width="36"
                />
              </div>
            </div>
          </div>
        </div>
      </div>
    </div>
    <div
      class="_display-flex _flexBasis-auto _boxSizing-border-box _position-relative _minHeight-0px _minWidth-0px _flexShrink-0 _flexDirection-row _justifyContent-space-betwe3241 _alignItems-center"
    >
      <div
        class="_display-flex _alignItems-stretch _flexBasis-auto _boxSizing-border-box _position-relative _minHeight-0px _minWidth-0px _flexShrink-0 _flexDirection-column _gap-t-space-gap52"
      >
        <div
          class="c1 css-1a4qi6e"
        >
          To
        </div>
        <div
          class="c0 css-15popx1"
        >
          <div
            class="_display-flex _flexBasis-auto _boxSizing-border-box _position-relative _minHeight-0px _minWidth-0px _flexShrink-0 _flexDirection-row _gap-t-space-gap52 _alignItems-center"
          >
            <div
              class="c0 css-15popx1"
            >
              hayden.eth
            </div>
          </div>
        </div>
        <div
          class="c1 css-1a4qi6e"
        >
          0x9984...9103
        </div>
      </div>
      <div
        class="_display-flex _alignItems-stretch _flexBasis-auto _boxSizing-border-box _position-relative _minHeight-0px _minWidth-0px _flexShrink-0 _flexDirection-column _height-36px"
      >
        <svg
          class="c2 c3"
          data-testid="IdenticonLoader"
          fill="rgba(19, 19, 19, 0.35)"
          stroke="rgba(19, 19, 19, 0.35)"
          viewBox="0 0 54 54"
          xmlns="http://www.w3.org/2000/svg"
        >
          <path
            d="M53.6666 26.9999C53.6666 41.7275 41.7276 53.6666 27 53.6666C12.2724 53.6666 0.333313 41.7275 0.333313 26.9999C0.333313 12.2723 12.2724 0.333252 27 0.333252C41.7276 0.333252 53.6666 12.2723 53.6666 26.9999ZM8.33331 26.9999C8.33331 37.3092 16.6907 45.6666 27 45.6666C37.3093 45.6666 45.6666 37.3092 45.6666 26.9999C45.6666 16.6906 37.3093 8.33325 27 8.33325C16.6907 8.33325 8.33331 16.6906 8.33331 26.9999Z"
            fill="rgba(19, 19, 19, 0.35)"
            opacity="0.1"
          />
          <path
            d="M49.6666 26.9999C51.8758 26.9999 53.6973 25.1992 53.3672 23.0149C53.0452 20.884 52.4652 18.7951 51.6368 16.795C50.2966 13.5597 48.3324 10.62 45.8562 8.14374C43.3799 5.66751 40.4402 3.70326 37.2049 2.36313C35.2048 1.53466 33.1159 0.954747 30.985 0.632693C28.8007 0.30256 27 2.12411 27 4.33325C27 6.54239 28.8108 8.29042 30.9695 8.76019C32.0523 8.99585 33.1146 9.32804 34.1434 9.75417C36.4081 10.6923 38.4659 12.0672 40.1993 13.8006C41.9327 15.534 43.3076 17.5918 44.2457 19.8565C44.6719 20.8853 45.004 21.9476 45.2397 23.0304C45.7095 25.1891 47.4575 26.9999 49.6666 26.9999Z"
            fill="rgba(19, 19, 19, 0.35)"
          />
        </svg>
      </div>
    </div>
  </div>
  <div
    class="is_Separator _display-flex _alignItems-stretch _flexDirection-column _flexBasis-auto _boxSizing-border-box _position-relative _minHeight-0px _minWidth-0px _borderTopColor-surface3 _borderRightColor-surface3 _borderBottomColor-surface3 _borderLeftColor-surface3 _flexShrink-1 _borderTopWidth-0px _borderRightWidth-0px _borderBottomWidth-1px _borderLeftWidth-0px _flexGrow-1 _height-0px _maxHeight-0px _borderBottomStyle-solid _borderTopStyle-solid _borderLeftStyle-solid _borderRightStyle-solid"
  />
  <div
    class="_display-flex _flexBasis-auto _boxSizing-border-box _position-relative _minHeight-0px _minWidth-0px _flexShrink-0 _flexDirection-row _alignItems-center _width-10037 _justifyContent-space-betwe3241 _pr-t-space-spa1360334080 _pl-t-space-spa1360334080"
  >
    <div
      class="c1 css-1a4qi6e"
    >
      Network cost
    </div>
    <div
      class="_display-flex _flexBasis-auto _boxSizing-border-box _position-relative _minHeight-0px _minWidth-0px _flexShrink-0 _flexDirection-row _width-min-content _gap-t-space-gap52 _alignItems-center"
    >
      <img
        alt="Ethereum logo"
        aria-labelledby="titleID"
        height="16px"
        src="ethereum-logo.png"
        style="border-radius: 4px;"
        width="16px"
      />
      <div
        class="c0 css-142zc9n"
      >
        -
      </div>
    </div>
  </div>
  <div
    class="_display-flex _alignItems-stretch _flexBasis-auto _boxSizing-border-box _position-relative _minHeight-0px _minWidth-0px _flexShrink-0 _flexDirection-row _alignSelf-stretch"
  >
    <button
      class="is_Button _containerType-_platformweb_normal _outlineWidth-0focus-visible-1px _outlineOffset-0focus-visible-2px _outlineStyle-0focus-visible-solid _transform-0focus-visible-scaleX0--98sc575196563 _backgroundColor-0hover-accent1Hove112785 _backgroundColor-0focus-visible-accent1Hove112785 _outlineColor-0focus-visible-accent1Hove112785 _transform-0active-scale0--981281 _backgroundColor-0active-accent1Hove112785 _display-flex _flexBasis-0px _boxSizing-border-box _position-relative _minHeight-0px _minWidth-0px _flexShrink-1 _flexDirection-row _borderTopWidth-1px _borderRightWidth-1px _borderBottomWidth-1px _borderLeftWidth-1px _alignItems-center _justifyContent-center _backgroundColor-accent1 _borderTopColor-borderColor _borderRightColor-borderColor _borderBottomColor-borderColor _borderLeftColor-borderColor _cursor-pointer _height-auto _alignSelf-stretch _flexGrow-1 _pr-t-space-spa1360334051 _pl-t-space-spa1360334051 _pt-t-space-spa1360334076 _pb-t-space-spa1360334076 _borderTopLeftRadius-t-radius-ro291586424 _borderTopRightRadius-t-radius-ro291586424 _borderBottomRightRadius-t-radius-ro291586424 _borderBottomLeftRadius-t-radius-ro291586424 _gap-t-space-spa1360334080 _borderBottomStyle-solid _borderTopStyle-solid _borderLeftStyle-solid _borderRightStyle-solid t_group_item"
    >
      <span
        class="font_button _display-inline _boxSizing-border-box _wordWrap-break-word _whiteSpace-nowrap _mt-0px _mr-0px _mb-0px _ml-0px _color-white _fontFamily-f-family _maxWidth-10037 _overflowX-hidden _overflowY-hidden _textOverflow-ellipsis _textAlign-center _fontSize-f-size-larg101 _fontWeight-f-weight-me3083741 _lineHeight-f-lineHeigh1262266530"
        line-height-disabled="false"
      >
        Confirm send
      </span>
    </button>
  </div>
</div>
`;

exports[`SendReviewModal > should render input in token amount correctly 1`] = `
.c2 {
  height: 36px;
  width: 36px;
}

.c2 path {
  stroke: rgba(19,19,19,0.35);
  background: rgba(19,19,19,0.63);
  fill: rgba(19,19,19,0.35);
}

.c3 {
  -webkit-animation: 2s fvtopB linear infinite;
  animation: 2s fvtopB linear infinite;
}

.c0 {
  color: #131313;
  -webkit-letter-spacing: -0.01em;
  -moz-letter-spacing: -0.01em;
  -ms-letter-spacing: -0.01em;
  letter-spacing: -0.01em;
}

.c1 {
  color: rgba(19,19,19,0.63);
  -webkit-letter-spacing: -0.01em;
  -moz-letter-spacing: -0.01em;
  -ms-letter-spacing: -0.01em;
  letter-spacing: -0.01em;
}

<div
  class="_display-flex _alignItems-stretch _flexBasis-auto _boxSizing-border-box _position-relative _minHeight-0px _minWidth-0px _flexShrink-0 _flexDirection-column _width-10037 _gap-t-space-gap1573"
  data-testid="send-review-modal"
>
  <div
    class="_display-flex _alignItems-stretch _flexBasis-auto _boxSizing-border-box _position-relative _minHeight-0px _minWidth-0px _flexShrink-0 _flexDirection-column _gap-t-space-gap1602 _pr-t-space-spa1360334080 _pl-t-space-spa1360334080"
  >
    <div
      class="_display-flex _flexBasis-auto _boxSizing-border-box _position-relative _minHeight-0px _minWidth-0px _flexShrink-0 _flexDirection-row _justifyContent-space-betwe3241 _alignItems-center"
    >
      <div
        class="_display-flex _alignItems-stretch _flexBasis-auto _boxSizing-border-box _position-relative _minHeight-0px _minWidth-0px _flexShrink-0 _flexDirection-column _gap-t-space-gap52"
      >
        <div
          class="c0 css-15popx1"
        >
          1.00 DAI
        </div>
        <div
          class="c1 css-1a4qi6e"
        >
          $100.00
        </div>
      </div>
      <div
        class="_display-flex _alignItems-stretch _flexBasis-auto _boxSizing-border-box _position-relative _minHeight-0px _minWidth-0px _flexShrink-0 _flexDirection-column _height-36px"
      >
        <div
          class="_display-flex _flexBasis-auto _boxSizing-border-box _position-relative _minHeight-0px _minWidth-0px _flexShrink-0 _flexDirection-column _alignItems-center _top-0px _left-0px"
        >
          <div
            class="_display-flex _alignItems-stretch _flexBasis-auto _boxSizing-border-box _minHeight-0px _minWidth-0px _flexShrink-0 _flexDirection-column _position-relative"
          >
            <div
              class="_display-flex _flexBasis-auto _boxSizing-border-box _minHeight-0px _minWidth-0px _flexShrink-0 _flexDirection-column _alignItems-center _height-36px _justifyContent-center _pointerEvents-auto _width-36px _position-relative"
              data-testid="token-logo"
            >
              <div
                class="_display-flex _alignItems-stretch _flexBasis-auto _boxSizing-border-box _minHeight-0px _minWidth-0px _flexShrink-0 _flexDirection-column _opacity-0 _height-9637 _width-9637 _zIndex-0 _backgroundColor-FFFFFF35 _position-absolute _top-237 _left-237 _borderTopLeftRadius-18px _borderTopRightRadius-18px _borderBottomRightRadius-18px _borderBottomLeftRadius-18px"
              />
              <div
                class="_display-flex _alignItems-stretch _flexBasis-auto _boxSizing-border-box _position-relative _minHeight-0px _minWidth-0px _flexShrink-0 _flexDirection-column"
                data-testid="img-token-image"
              >
                <img
                  height="36"
                  src="https://raw.githubusercontent.com/Uniswap/assets/master/blockchains/ethereum/assets/0x6B175474E89094C44Da98b954EedeAC495271d0F/logo.png"
                  style="object-fit: contain; border-radius: 18px; z-index: 1;"
                  width="36"
                />
              </div>
            </div>
          </div>
        </div>
      </div>
    </div>
    <div
      class="_display-flex _flexBasis-auto _boxSizing-border-box _position-relative _minHeight-0px _minWidth-0px _flexShrink-0 _flexDirection-row _justifyContent-space-betwe3241 _alignItems-center"
    >
      <div
        class="_display-flex _alignItems-stretch _flexBasis-auto _boxSizing-border-box _position-relative _minHeight-0px _minWidth-0px _flexShrink-0 _flexDirection-column _gap-t-space-gap52"
      >
        <div
          class="c1 css-1a4qi6e"
        >
          To
        </div>
        <div
          class="c0 css-15popx1"
        >
          <div
            class="_display-flex _flexBasis-auto _boxSizing-border-box _position-relative _minHeight-0px _minWidth-0px _flexShrink-0 _flexDirection-row _gap-t-space-gap52 _alignItems-center"
          >
            <div
              class="c0 css-15popx1"
            >
              hayden.eth
            </div>
          </div>
        </div>
        <div
          class="c1 css-1a4qi6e"
        >
          0x9984...9103
        </div>
      </div>
      <div
        class="_display-flex _alignItems-stretch _flexBasis-auto _boxSizing-border-box _position-relative _minHeight-0px _minWidth-0px _flexShrink-0 _flexDirection-column _height-36px"
      >
        <svg
          class="c2 c3"
          data-testid="IdenticonLoader"
          fill="rgba(19, 19, 19, 0.35)"
          stroke="rgba(19, 19, 19, 0.35)"
          viewBox="0 0 54 54"
          xmlns="http://www.w3.org/2000/svg"
        >
          <path
            d="M53.6666 26.9999C53.6666 41.7275 41.7276 53.6666 27 53.6666C12.2724 53.6666 0.333313 41.7275 0.333313 26.9999C0.333313 12.2723 12.2724 0.333252 27 0.333252C41.7276 0.333252 53.6666 12.2723 53.6666 26.9999ZM8.33331 26.9999C8.33331 37.3092 16.6907 45.6666 27 45.6666C37.3093 45.6666 45.6666 37.3092 45.6666 26.9999C45.6666 16.6906 37.3093 8.33325 27 8.33325C16.6907 8.33325 8.33331 16.6906 8.33331 26.9999Z"
            fill="rgba(19, 19, 19, 0.35)"
            opacity="0.1"
          />
          <path
            d="M49.6666 26.9999C51.8758 26.9999 53.6973 25.1992 53.3672 23.0149C53.0452 20.884 52.4652 18.7951 51.6368 16.795C50.2966 13.5597 48.3324 10.62 45.8562 8.14374C43.3799 5.66751 40.4402 3.70326 37.2049 2.36313C35.2048 1.53466 33.1159 0.954747 30.985 0.632693C28.8007 0.30256 27 2.12411 27 4.33325C27 6.54239 28.8108 8.29042 30.9695 8.76019C32.0523 8.99585 33.1146 9.32804 34.1434 9.75417C36.4081 10.6923 38.4659 12.0672 40.1993 13.8006C41.9327 15.534 43.3076 17.5918 44.2457 19.8565C44.6719 20.8853 45.004 21.9476 45.2397 23.0304C45.7095 25.1891 47.4575 26.9999 49.6666 26.9999Z"
            fill="rgba(19, 19, 19, 0.35)"
          />
        </svg>
      </div>
    </div>
  </div>
  <div
    class="is_Separator _display-flex _alignItems-stretch _flexDirection-column _flexBasis-auto _boxSizing-border-box _position-relative _minHeight-0px _minWidth-0px _borderTopColor-surface3 _borderRightColor-surface3 _borderBottomColor-surface3 _borderLeftColor-surface3 _flexShrink-1 _borderTopWidth-0px _borderRightWidth-0px _borderBottomWidth-1px _borderLeftWidth-0px _flexGrow-1 _height-0px _maxHeight-0px _borderBottomStyle-solid _borderTopStyle-solid _borderLeftStyle-solid _borderRightStyle-solid"
  />
  <div
    class="_display-flex _flexBasis-auto _boxSizing-border-box _position-relative _minHeight-0px _minWidth-0px _flexShrink-0 _flexDirection-row _alignItems-center _width-10037 _justifyContent-space-betwe3241 _pr-t-space-spa1360334080 _pl-t-space-spa1360334080"
  >
    <div
      class="c1 css-1a4qi6e"
    >
      Network cost
    </div>
    <div
      class="_display-flex _flexBasis-auto _boxSizing-border-box _position-relative _minHeight-0px _minWidth-0px _flexShrink-0 _flexDirection-row _width-min-content _gap-t-space-gap52 _alignItems-center"
    >
      <img
        alt="Ethereum logo"
        aria-labelledby="titleID"
        height="16px"
        src="ethereum-logo.png"
        style="border-radius: 4px;"
        width="16px"
      />
      <div
        class="c0 css-142zc9n"
      >
        -
      </div>
    </div>
  </div>
  <div
    class="_display-flex _alignItems-stretch _flexBasis-auto _boxSizing-border-box _position-relative _minHeight-0px _minWidth-0px _flexShrink-0 _flexDirection-row _alignSelf-stretch"
  >
    <button
      class="is_Button _containerType-_platformweb_normal _outlineWidth-0focus-visible-1px _outlineOffset-0focus-visible-2px _outlineStyle-0focus-visible-solid _transform-0focus-visible-scaleX0--98sc575196563 _backgroundColor-0hover-accent1Hove112785 _backgroundColor-0focus-visible-accent1Hove112785 _outlineColor-0focus-visible-accent1Hove112785 _transform-0active-scale0--981281 _backgroundColor-0active-accent1Hove112785 _display-flex _flexBasis-0px _boxSizing-border-box _position-relative _minHeight-0px _minWidth-0px _flexShrink-1 _flexDirection-row _borderTopWidth-1px _borderRightWidth-1px _borderBottomWidth-1px _borderLeftWidth-1px _alignItems-center _justifyContent-center _backgroundColor-accent1 _borderTopColor-borderColor _borderRightColor-borderColor _borderBottomColor-borderColor _borderLeftColor-borderColor _cursor-pointer _height-auto _alignSelf-stretch _flexGrow-1 _pr-t-space-spa1360334051 _pl-t-space-spa1360334051 _pt-t-space-spa1360334076 _pb-t-space-spa1360334076 _borderTopLeftRadius-t-radius-ro291586424 _borderTopRightRadius-t-radius-ro291586424 _borderBottomRightRadius-t-radius-ro291586424 _borderBottomLeftRadius-t-radius-ro291586424 _gap-t-space-spa1360334080 _borderBottomStyle-solid _borderTopStyle-solid _borderLeftStyle-solid _borderRightStyle-solid t_group_item"
    >
      <span
        class="font_button _display-inline _boxSizing-border-box _wordWrap-break-word _whiteSpace-nowrap _mt-0px _mr-0px _mb-0px _ml-0px _color-white _fontFamily-f-family _maxWidth-10037 _overflowX-hidden _overflowY-hidden _textOverflow-ellipsis _textAlign-center _fontSize-f-size-larg101 _fontWeight-f-weight-me3083741 _lineHeight-f-lineHeigh1262266530"
        line-height-disabled="false"
      >
        Confirm send
      </span>
    </button>
  </div>
</div>
`;
