// Vitest Snapshot v1, https://vitest.dev/guide/snapshot.html

exports[`LimitDetailActivityRow > should render with valid details 1`] = `
<span
  class=""
  style="display: contents;"
>
  <div
    class="_display-flex _flexBasis-auto _boxSizing-border-box _position-relative _minHeight-0px _minWidth-0px _flexShrink-0 _flexDirection-row _alignItems-center"
  >
    <div
      class="_whiteSpace-_platformweb_nowrap _overflowX-_platformweb_hidden _overflowY-_platformweb_hidden _textOverflow-_platformweb_ellipsis _display-flex _flexBasis-auto _boxSizing-border-box _position-relative _minHeight-0px _minWidth-0px _flexShrink-0 _flexDirection-row _gap-t-space-gap1569 _flexGrow-1 _pr-0px _pl-0px _cursor-pointer _alignItems-center _justifyContent-space-betwe3241 portfolio-row-wrapper undefined"
    >
      <div
        class="_display-flex _flexBasis-auto _boxSizing-border-box _position-relative _minHeight-0px _minWidth-0px _flexShrink-1 _flexDirection-column _alignItems-flex-start _flexGrow-1 _overflowX-hidden _overflowY-hidden"
      >
        <span
          class="font_body _display-inline _boxSizing-border-box _whiteSpace-pre-wrap _mt-0px _mr-0px _mb-0px _ml-0px _color-neutral2 _fontFamily-f-family _wordWrap-break-word _fontSize-f-size-micr111 _lineHeight-f-lineHeigh1263414315 _fontWeight-f-weight-bo3548"
          data-disable-theme="true"
        >
          Expires Expires January 1, 1970 at 12:00 AM
        </span>
        <div
          class="_display-flex _alignItems-stretch _flexBasis-auto _boxSizing-border-box _position-relative _minHeight-0px _minWidth-0px _flexShrink-0 _flexDirection-column"
        >
          <div
            class="_display-flex _flexBasis-auto _boxSizing-border-box _position-relative _minHeight-0px _minWidth-0px _flexShrink-0 _flexDirection-row _gap-t-space-gap52 _alignItems-center"
          >
            <div
              class="css-view-175oi2r r-flexBasis-1mlwlqe r-overflow-1udh08x r-zIndex-417010"
              style="height: 16px; width: 16px; border-top-left-radius: var(--t-radius-roundedFull); border-top-right-radius: var(--t-radius-roundedFull); border-bottom-right-radius: var(--t-radius-roundedFull); border-bottom-left-radius: var(--t-radius-roundedFull);"
            >
              <div
                class="css-view-175oi2r r-backgroundColor-1niwhzg r-backgroundPosition-vvn4in r-backgroundRepeat-u6sd8q r-bottom-1p0dtai r-height-1pi2tsx r-left-1d2f490 r-position-u8s1d r-right-zchlnj r-top-ipm5af r-width-13qz1uu r-zIndex-1wyyakw r-backgroundSize-4gszlv"
                style="background-image: url(https://raw.githubusercontent.com/Uniswap/assets/master/blockchains/ethereum/assets/0x6B175474E89094C44Da98b954EedeAC495271d0F/logo.png);"
              />
              <img
                alt=""
                class="css-accessibilityImage-9pa8cd"
                draggable="false"
                src="https://raw.githubusercontent.com/Uniswap/assets/master/blockchains/ethereum/assets/0x6B175474E89094C44Da98b954EedeAC495271d0F/logo.png"
              />
            </div>
            <span
              class="font_subHeading _display-inline _boxSizing-border-box _whiteSpace-pre-wrap _mt-0px _mr-0px _mb-0px _ml-0px _color-neutral1 _fontFamily-f-family _wordWrap-break-word _fontSize-f-size-smal108 _lineHeight-f-lineHeigh1269072494 _fontWeight-f-weight-bo3548"
              data-disable-theme="true"
            >
              252.074
               
              DAI
            </span>
            <svg
              fill="none"
              height="12px"
              stroke="#131313"
              stroke-linecap="round"
              stroke-linejoin="round"
              stroke-width="2"
              viewBox="0 0 24 24"
              width="12px"
              xmlns="http://www.w3.org/2000/svg"
            >
              <line
                x1="5"
                x2="19"
                y1="12"
                y2="12"
              />
              <polyline
                points="12 5 19 12 12 19"
              />
            </svg>
            <div
              class="css-view-175oi2r r-flexBasis-1mlwlqe r-overflow-1udh08x r-zIndex-417010"
              style="height: 16px; width: 16px; border-top-left-radius: var(--t-radius-roundedFull); border-top-right-radius: var(--t-radius-roundedFull); border-bottom-right-radius: var(--t-radius-roundedFull); border-bottom-left-radius: var(--t-radius-roundedFull);"
            >
              <div
                class="css-view-175oi2r r-backgroundColor-1niwhzg r-backgroundPosition-vvn4in r-backgroundRepeat-u6sd8q r-bottom-1p0dtai r-height-1pi2tsx r-left-1d2f490 r-position-u8s1d r-right-zchlnj r-top-ipm5af r-width-13qz1uu r-zIndex-1wyyakw r-backgroundSize-4gszlv"
                style="background-image: url(https://raw.githubusercontent.com/Uniswap/assets/master/blockchains/ethereum/assets/0xC02aaA39b223FE8D0A0e5C4F27eAD9083C756Cc2/logo.png);"
              />
              <img
                alt=""
                class="css-accessibilityImage-9pa8cd"
                draggable="false"
                src="https://raw.githubusercontent.com/Uniswap/assets/master/blockchains/ethereum/assets/0xC02aaA39b223FE8D0A0e5C4F27eAD9083C756Cc2/logo.png"
              />
            </div>
            <span
              class="font_subHeading _display-inline _boxSizing-border-box _whiteSpace-pre-wrap _mt-0px _mr-0px _mb-0px _ml-0px _color-neutral1 _fontFamily-f-family _wordWrap-break-word _fontSize-f-size-smal108 _lineHeight-f-lineHeigh1269072494 _fontWeight-f-weight-bo3548"
              data-disable-theme="true"
            >
              0.10684
               
              WETH
            </span>
          </div>
          <span
            class="font_body _display-inline _boxSizing-border-box _whiteSpace-pre-wrap _mt-0px _mr-0px _mb-0px _ml-0px _color-neutral1 _fontFamily-f-family _wordWrap-break-word _fontSize-f-size-smal108 _lineHeight-f-lineHeigh1269072494 _fontWeight-f-weight-bo3548"
            data-disable-theme="true"
          >
            when 0.00042 WETH/DAI
          </span>
        </div>
      </div>
    </div>
    <div
      class="_display-flex _flexBasis-auto _boxSizing-border-box _position-relative _minHeight-0px _minWidth-0px _flexShrink-0 _flexDirection-column _alignItems-center _borderTopColor-transparent _borderRightColor-transparent _borderBottomColor-transparent _borderLeftColor-transparent _borderTopLeftRadius-t-radius-ro840690004 _borderTopRightRadius-t-radius-ro840690004 _borderBottomRightRadius-t-radius-ro840690004 _borderBottomLeftRadius-t-radius-ro840690004 _borderTopWidth-t-space-spa94665586 _borderRightWidth-t-space-spa94665586 _borderBottomWidth-t-space-spa94665586 _borderLeftWidth-t-space-spa94665586 _height-23px _justifyContent-center _width-23px _borderBottomStyle-solid _borderTopStyle-solid _borderLeftStyle-solid _borderRightStyle-solid"
    >
      <button
        aria-checked="false"
        class="is_Checkbox _borderTopColor-0disabled-neutral3 _borderRightColor-0disabled-neutral3 _borderBottomColor-0disabled-neutral3 _borderLeftColor-0disabled-neutral3 _borderTopColor-0hover-neutral2 _borderRightColor-0hover-neutral2 _borderBottomColor-0hover-neutral2 _borderLeftColor-0hover-neutral2 _display-flex _flexBasis-auto _boxSizing-border-box _position-relative _minHeight-0px _minWidth-0px _flexShrink-0 _flexDirection-column _borderTopLeftRadius-t-radius-ro840690006 _borderTopRightRadius-t-radius-ro840690006 _borderBottomRightRadius-t-radius-ro840690006 _borderBottomLeftRadius-t-radius-ro840690006 _opacity-0 _alignItems-center _backgroundColor-transparent _borderTopColor-neutral2 _borderRightColor-neutral2 _borderBottomColor-neutral2 _borderLeftColor-neutral2 _borderTopWidth-t-space-spa94665587 _borderRightWidth-t-space-spa94665587 _borderBottomWidth-t-space-spa94665587 _borderLeftWidth-t-space-spa94665587 _cursor-pointer _height-18px _justifyContent-center _pointerEvents-auto _width-18px _borderTopStyle-solid _borderRightStyle-solid _borderBottomStyle-solid _borderLeftStyle-solid"
        data-disable-theme="true"
        data-state="unchecked"
        role="checkbox"
        type="button"
        value="on"
      />
    </div>
  </div>
  <div
    style="display: contents;"
  />
</span>
`;
